BL51 BANKED LINKER/LOCATER V6.22                                                        12/30/2020  20:54:00  PAGE 1


BL51 BANKED LINKER/LOCATER V6.22, INVOKED BY:
D:\PROGRAM FILES\KEILC\C51\BIN\BL51.EXE main.obj TO test


MEMORY MODEL: SMALL


INPUT MODULES INCLUDED:
  main.obj (MAIN)
  D:\PROGRAM FILES\KEILC\C51\LIB\C51S.LIB (?C_STARTUP)
  D:\PROGRAM FILES\KEILC\C51\LIB\C51S.LIB (?C_INIT)


LINK MAP OF MODULE:  test (MAIN)


            TYPE    BASE      LENGTH    RELOCATION   SEGMENT NAME
            -----------------------------------------------------

            * * * * * * *   D A T A   M E M O R Y   * * * * * * *
            REG     0000H     0008H     ABSOLUTE     "REG BANK 0"
            DATA    0008H     0002H     UNIT         ?DT?MAIN
            IDATA   000AH     0001H     UNIT         ?STACK

            * * * * * * *   C O D E   M E M O R Y   * * * * * * *
            CODE    0000H     0003H     ABSOLUTE     
            CODE    0003H     008CH     UNIT         ?C_C51STARTUP
            CODE    008FH     0026H     UNIT         ?PR?MAIN?MAIN
            CODE    00B5H     0005H     UNIT         ?C_INITSEG



OVERLAY MAP OF MODULE:   test (MAIN)


SEGMENT
  +--> CALLED SEGMENT
---------------------
?C_C51STARTUP
  +--> ?PR?MAIN?MAIN
  +--> ?C_INITSEG



SYMBOL TABLE OF MODULE:  test (MAIN)

  VALUE           TYPE          NAME
  ----------------------------------

  -------         MODULE        MAIN
  C:0000H         SYMBOL        _ICE_DUMMY_
  B:00A0H.1       PUBLIC        P2_1
  C:008FH         PUBLIC        main
  D:0089H         PUBLIC        TMOD
  D:0008H         PUBLIC        dem
  B:0088H.7       PUBLIC        TF1
  D:008DH         PUBLIC        TH1
  D:008BH         PUBLIC        TL1
BL51 BANKED LINKER/LOCATER V6.22                                                      12/30/2020  20:54:00  PAGE 2


  B:0088H.6       PUBLIC        TR1
  -------         PROC          MAIN
  C:008FH         LINE#         5
  C:008FH         LINE#         6
  C:008FH         LINE#         7
  C:0092H         LINE#         8
  C:0095H         LINE#         9
  C:0098H         LINE#         10
  C:009AH         LINE#         11
  C:009AH         LINE#         12
  C:009AH         LINE#         13
  C:009DH         LINE#         14
  C:009DH         LINE#         15
  C:009FH         LINE#         16
  C:00A7H         LINE#         17
  C:00ABH         LINE#         18
  C:00ABH         LINE#         19
  C:00ADH         LINE#         20
  C:00B3H         LINE#         21
  C:00B3H         LINE#         22
  C:00B3H         LINE#         23
  -------         ENDPROC       MAIN
  -------         ENDMOD        MAIN

Program Size: data=11.0 xdata=0 code=186
LINK/LOCATE RUN COMPLETE.  0 WARNING(S),  0 ERROR(S)
